#------------------------------------------------------------------------------
# irace: An implementation in R of (Elitist) Iterated Racing
# Version: 4.4.4.3a0a78c
# Copyright (C) 2010-2025
# Manuel Lopez-Ibanez     <manuel.lopez-ibanez@manchester.ac.uk>
# Jeremie Dubois-Lacoste
# Leslie Perez Caceres    <leslie.perez.caceres@ulb.ac.be>
#
# This is free software, and you are welcome to redistribute it under certain
# conditions.  See the GNU General Public License for details. There is NO
# WARRANTY; not even for MERCHANTABILITY or FITNESS FOR A PARTICULAR PURPOSE.
#
# irace builds upon previous code from the race package:
#     race: Racing methods for the selection of the best
#     Copyright (C) 2003 Mauro Birattari
#------------------------------------------------------------------------------
# installed at: /usr/local/lib/R/site-library/irace
# called with: --scenario nsbrkga-scenario-stage4.txt
# 2026-09-11 16:53:28 UTC: Reading parameter file '/home/ubuntu/mokp_irace/irace/nsbrkga-parameters-stage4.txt'.
# 2026-09-11 16:53:28 UTC: 4 expression(s) specifying forbidden configurations read.
# 2026-09-11 16:53:28 UTC: Initialization
# Elitist race
# Elitist new instances: 1
# Elitist limit: 2
# nbIterations: 6
# minNbSurvival: 6
# nbParameters: 17
# seed: 133695276
# confidence level: 0.95
# budget: 2500
# mu: 5
# deterministic: FALSE

# 2026-09-11 16:53:28 UTC: Iteration 1 of 6
# experimentsUsed: 0
# remainingBudget: 2500
# currentBudget: 416
# nbConfigurations: 69
# Markers:
     x No test is performed.
     c Configurations are discarded only due to capping.
     - The test is performed and some configurations are discarded.
     = The test is performed but no configuration is discarded.
     ! The test is performed and configurations could be discarded but elite configurations are preserved.
     . Alive configurations were already evaluated on this instance and nothing is discarded.
     : All alive configurations are elite, but some need to be evaluated on this instance.

+-+-----------+-----------+-----------+----------------+-----------+--------+-----+----+------+
| |   Instance|      Alive|       Best|       Mean best| Exp so far|  W time|  rho|KenW|  Qvar|
+-+-----------+-----------+-----------+----------------+-----------+--------+-----+----+------+
|x|          1|         45|          9|-6.190260000e+10|         45|03:45:15|   NA|  NA|    NA|
|x|          2|         45|         11|-4.372703000e+11|         90|03:45:58|+0.55|0.78|0.3732|
# 2026-09-12 04:11:28 UTC: Immediately rejected configurations: 17
|x|          3|         44|         30|-3.164459019e+16|        135|03:46:46|+0.58|0.72|0.3427|
|x|          4|         44|         30|-2.373344267e+16|        179|03:40:37|+0.64|0.73|0.2933|
|-|          5|         10|         30|-1.898675414e+16|        223|03:40:12|+0.04|0.24|0.8984|
|=|          6|         10|         30|-1.582230505e+16|        233|00:50:02|+0.15|0.29|0.7946|
|-|          7|          5|         30|-1.356209160e+16|        243|00:50:09|+0.08|0.21|0.7934|
+-+-----------+-----------+-----------+----------------+-----------+--------+-----+----+------+
Best configuration for the instances in this race: 30
Best-so-far configuration:          13    mean value: -1.262783224e+16
Description of the best-so-far configuration:
   .ID. population_size_factor min_elites_percentage max_elites_percentage mutation_probability mutation_distribution num_total_parents num_elite_parents bias_type diversity_type crossover_type num_populations exchange_interval num_exchange_individuals pr_type pr_dist_func pr_percentage pr_interval shake_interval reset_interval .PARENT.
13   13                    109                  0.27                  0.43                 0.71                  28.7                 5                 3         5              1              0               3               648                       70       2            0          0.93         562              0              0       NA

# 2026-09-12 13:12:30 UTC: Elite configurations (first number is the configuration ID; listed from best to worst according to the sum of ranks):
   population_size_factor min_elites_percentage max_elites_percentage mutation_probability mutation_distribution num_total_parents num_elite_parents bias_type diversity_type crossover_type num_populations exchange_interval num_exchange_individuals pr_type pr_dist_func pr_percentage pr_interval shake_interval reset_interval
13                    109                  0.27                  0.43                 0.71                 28.70                 5                 3         5              1              0               3               648                       70       2            0          0.93         562              0              0
30                    102                  0.13                  0.44                 0.28                 55.77                 4                 3         3              1              0               5                15                        1       0            1          0.49         538              0              0
9                     120                  0.16                  0.33                 0.88                 73.56                 4                 4         2              0              0               4               163                       62       1            1          0.05         734              0              0
31                    121                  0.31                  0.50                 0.21                 12.45                 5                 1         3              2              0               3                77                       94       2            2          0.55         351              0              0
37                    112                  0.60                  0.80                 0.49                 35.27                 4                 1         3              1              0               5               253                       61       0            1          0.96         151              0              0
# 2026-09-12 13:12:30 UTC: Iteration 2 of 6
# experimentsUsed: 243
# remainingBudget: 2257
# currentBudget: 451
# nbConfigurations: 60
# Markers:
     x No test is performed.
     c Configurations are discarded only due to capping.
     - The test is performed and some configurations are discarded.
     = The test is performed but no configuration is discarded.
     ! The test is performed and configurations could be discarded but elite configurations are preserved.
     . Alive configurations were already evaluated on this instance and nothing is discarded.
     : All alive configurations are elite, but some need to be evaluated on this instance.

+-+-----------+-----------+-----------+----------------+-----------+--------+-----+----+------+
| |   Instance|      Alive|       Best|       Mean best| Exp so far|  W time|  rho|KenW|  Qvar|
+-+-----------+-----------+-----------+----------------+-----------+--------+-----+----+------+
# 2026-09-12 18:14:43 UTC: Immediately rejected configurations: 37, 51, 100
|x|          8|         57|         62|-9.810540000e+16|         60|05:02:12|   NA|  NA|    NA|
|x|          7|         57|         62|-4.905310694e+16|        113|04:25:33|+0.81|0.90|0.1097|
|x|          1|         57|         62|-3.270209160e+16|        166|04:25:09|+0.61|0.74|0.3799|
|x|          5|         57|         69|-2.386064653e+16|        219|04:25:13|+0.44|0.58|0.4319|
|-|          3|         17|         69|-3.821355722e+16|        272|04:26:15|+0.08|0.27|0.9117|
|-|          4|         11|         69|-3.184463104e+16|        285|01:05:10|+0.09|0.24|0.8395|
|!|          6|         11|         97|-2.719706238e+16|        292|00:35:00|+0.14|0.27|0.7994|
|-|          2|          7|         69|-2.388358444e+16|        299|00:35:02|-0.02|0.11|0.8323|
|=|          9|          7|         69|-2.122985285e+16|        306|00:35:01|-0.02|0.09|0.8856|
|=|         10|          7|         69|-1.910686756e+16|        313|00:35:02|-0.00|0.10|0.8874|
+-+-----------+-----------+-----------+----------------+-----------+--------+-----+----+------+
Best-so-far configuration:          69    mean value: -1.910686756e+16
Description of the best-so-far configuration:
   .ID. population_size_factor min_elites_percentage max_elites_percentage mutation_probability mutation_distribution num_total_parents num_elite_parents bias_type diversity_type crossover_type num_populations exchange_interval num_exchange_individuals pr_type pr_dist_func pr_percentage pr_interval shake_interval reset_interval .PARENT.
69   69                    121                  0.38                  0.43                 0.18                 50.27                 4                 3         5              1              0               5               178                       13       0            1          0.83         914              0              0       30

# 2026-09-13 15:22:11 UTC: Elite configurations (first number is the configuration ID; listed from best to worst according to the sum of ranks):
   population_size_factor min_elites_percentage max_elites_percentage mutation_probability mutation_distribution num_total_parents num_elite_parents bias_type diversity_type crossover_type num_populations exchange_interval num_exchange_individuals pr_type pr_dist_func pr_percentage pr_interval shake_interval reset_interval
69                    121                  0.38                  0.43                 0.18                 50.27                 4                 3         5              1              0               5               178                       13       0            1          0.83         914              0              0
64                    117                  0.05                  0.26                 0.17                 24.17                 5                 2         1              2              0               3               714                       58       0            2          0.06         327              0              0
9                     120                  0.16                  0.33                 0.88                 73.56                 4                 4         2              0              0               4               163                       62       1            1          0.05         734              0              0
97                    107                  0.52                  0.56                 0.40                 40.11                 4                 1         5              1              0               4               305                       87       2            1          0.51         622              0              0
74                     94                  0.27                  0.50                 0.45                 21.95                 3                 3         5              0              0               3               970                       66       0            0          0.62         246              0              0
62                    117                  0.25                  0.63                 0.15                 82.72                 3                 2         1              1              0               4               220                       86       1            0          0.44         424              0              0
# 2026-09-13 15:22:11 UTC: Iteration 3 of 6
# experimentsUsed: 556
# remainingBudget: 1944
# currentBudget: 486
# nbConfigurations: 49
# Markers:
     x No test is performed.
     c Configurations are discarded only due to capping.
     - The test is performed and some configurations are discarded.
     = The test is performed but no configuration is discarded.
     ! The test is performed and configurations could be discarded but elite configurations are preserved.
     . Alive configurations were already evaluated on this instance and nothing is discarded.
     : All alive configurations are elite, but some need to be evaluated on this instance.

+-+-----------+-----------+-----------+----------------+-----------+--------+-----+----+------+
| |   Instance|      Alive|       Best|       Mean best| Exp so far|  W time|  rho|KenW|  Qvar|
+-+-----------+-----------+-----------+----------------+-----------+--------+-----+----+------+
# 2026-09-13 19:28:13 UTC: Immediately rejected configurations: 142
|x|         11|         48|        128|    -95351100.00|         49|04:06:01|   NA|  NA|    NA|
# 2026-09-13 22:59:46 UTC: Immediately rejected configurations: 106, 107
|x|          8|         46|        128|-4.809445005e+16|         91|03:31:33|+0.65|0.82|0.1629|
# 2026-09-14 02:20:50 UTC: Immediately rejected configurations: 111
|x|          9|         45|         62|-3.270180006e+16|        131|03:21:04|+0.74|0.83|0.0961|
|x|         10|         45|        123|-2.399500005e+16|        170|03:15:07|+0.63|0.73|0.2139|
# 2026-09-14 08:52:18 UTC: Immediately rejected configurations: 116, 138
|-|          3|         14|        123|-3.887076004e+16|        209|03:16:19|+0.12|0.29|0.9349|
|-|          7|          9|        123|-3.239243924e+16|        217|00:40:01|+0.05|0.21|0.8459|
|=|          5|          9|        123|-2.776494792e+16|        220|00:15:00|+0.05|0.19|0.8841|
|=|          4|          9|        123|-2.429432945e+16|        223|00:15:00|+0.03|0.15|0.8665|
|=|          1|          9|        123|-2.159496641e+16|        226|00:15:00|+0.06|0.16|0.8502|
|=|          2|          9|        123|-1.943555108e+16|        229|00:15:00|+0.02|0.12|0.8609|
|=|          6|          9|        123|-1.766868834e+16|        232|00:15:00|+0.04|0.12|0.8496|
|=|         12|          9|        123|-2.444204764e+16|        241|00:45:07|+0.06|0.13|0.8387|
+-+-----------+-----------+-----------+----------------+-----------+--------+-----+----+------+
Best-so-far configuration:         123    mean value: -2.444204764e+16
Description of the best-so-far configuration:
    .ID. population_size_factor min_elites_percentage max_elites_percentage mutation_probability mutation_distribution num_total_parents num_elite_parents bias_type diversity_type crossover_type num_populations exchange_interval num_exchange_individuals pr_type pr_dist_func pr_percentage pr_interval shake_interval reset_interval .PARENT.
123  123                    114                  0.23                  0.39                 0.28                 18.26                 2                 2         5              0              1               5               468                       84       2            2          0.54         920              0              0       97

# 2026-09-14 11:32:28 UTC: Elite configurations (first number is the configuration ID; listed from best to worst according to the sum of ranks):
    population_size_factor min_elites_percentage max_elites_percentage mutation_probability mutation_distribution num_total_parents num_elite_parents bias_type diversity_type crossover_type num_populations exchange_interval num_exchange_individuals pr_type pr_dist_func pr_percentage pr_interval shake_interval reset_interval
123                    114                  0.23                  0.39                 0.28                 18.26                 2                 2         5              0              1               5               468                       84       2            2          0.54         920              0              0
69                     121                  0.38                  0.43                 0.18                 50.27                 4                 3         5              1              0               5               178                       13       0            1          0.83         914              0              0
128                     97                  0.26                  0.37                 0.09                 29.31                 3                 1         3              1              0               5               855                        5       0            1          0.96         990              0              0
64                     117                  0.05                  0.26                 0.17                 24.17                 5                 2         1              2              0               3               714                       58       0            2          0.06         327              0              0
9                      120                  0.16                  0.33                 0.88                 73.56                 4                 4         2              0              0               4               163                       62       1            1          0.05         734              0              0
97                     107                  0.52                  0.56                 0.40                 40.11                 4                 1         5              1              0               4               305                       87       2            1          0.51         622              0              0
# 2026-09-14 11:32:28 UTC: Iteration 4 of 6
# experimentsUsed: 797
# remainingBudget: 1703
# currentBudget: 567
# nbConfigurations: 49
# Markers:
     x No test is performed.
     c Configurations are discarded only due to capping.
     - The test is performed and some configurations are discarded.
     = The test is performed but no configuration is discarded.
     ! The test is performed and configurations could be discarded but elite configurations are preserved.
     . Alive configurations were already evaluated on this instance and nothing is discarded.
     : All alive configurations are elite, but some need to be evaluated on this instance.

+-+-----------+-----------+-----------+----------------+-----------+--------+-----+----+------+
| |   Instance|      Alive|       Best|       Mean best| Exp so far|  W time|  rho|KenW|  Qvar|
+-+-----------+-----------+-----------+----------------+-----------+--------+-----+----+------+
|x|         13|         49|        163|-6.195720000e+10|         49|04:05:11|   NA|  NA|    NA|
# 2026-09-14 19:13:45 UTC: Immediately rejected configurations: 164, 171
|x|         12|         47|        123|-4.947453064e+16|         92|03:36:04|+0.34|0.67|0.3631|
# 2026-09-14 22:39:36 UTC: Immediately rejected configurations: 156
|x|         11|         46|        123|-3.298302046e+16|        133|03:25:50|+0.46|0.64|0.2512|
|x|          7|         46|        123|-2.473747416e+16|        173|03:20:30|+0.57|0.68|0.1863|
|-|          9|         14|        123|-1.978997934e+16|        213|03:20:31|+0.01|0.21|0.9303|
|=|          5|         14|        123|-1.649164946e+16|        221|00:40:02|+0.05|0.21|0.9422|
|=|         10|         14|        123|-1.413569954e+16|        229|00:40:01|+0.09|0.22|0.9036|
|=|          6|         14|        123|-1.236874471e+16|        237|00:40:00|+0.05|0.17|0.9250|
|=|          1|         14|        123|-1.099444664e+16|        245|00:40:06|+0.06|0.16|0.9131|
|=|          4|         14|        123|-9.895001988e+15|        253|00:40:15|+0.07|0.16|0.8922|
|=|          8|         14|        123|-1.772091090e+16|        261|00:40:03|+0.03|0.12|0.9113|
# 2026-09-15 10:01:26 UTC: Immediately rejected configurations: 181
|=|          3|         13|        123|-2.444198499e+16|        269|00:40:18|+0.05|0.13|0.9094|
|=|          2|         13|        123|-2.256189485e+16|        276|00:35:04|+0.05|0.12|0.8980|
|=|         14|         13|        123|-2.095033093e+16|        289|01:05:02|+0.03|0.10|0.9162|
+-+-----------+-----------+-----------+----------------+-----------+--------+-----+----+------+
Best-so-far configuration:         123    mean value: -2.095033093e+16
Description of the best-so-far configuration:
    .ID. population_size_factor min_elites_percentage max_elites_percentage mutation_probability mutation_distribution num_total_parents num_elite_parents bias_type diversity_type crossover_type num_populations exchange_interval num_exchange_individuals pr_type pr_dist_func pr_percentage pr_interval shake_interval reset_interval .PARENT.
123  123                    114                  0.23                  0.39                 0.28                 18.26                 2                 2         5              0              1               5               468                       84       2            2          0.54         920              0              0       97

# 2026-09-15 11:41:34 UTC: Elite configurations (first number is the configuration ID; listed from best to worst according to the sum of ranks):
    population_size_factor min_elites_percentage max_elites_percentage mutation_probability mutation_distribution num_total_parents num_elite_parents bias_type diversity_type crossover_type num_populations exchange_interval num_exchange_individuals pr_type pr_dist_func pr_percentage pr_interval shake_interval reset_interval
123                    114                  0.23                  0.39                 0.28                 18.26                 2                 2         5              0              1               5               468                       84       2            2          0.54         920              0              0
154                    113                  0.10                  0.33                 0.26                 37.91                 3                 1         5              1              0               5               167                       86       2            1          0.21         993              0              0
186                    111                  0.19                  0.45                 0.27                 29.10                 3                 2         5              1              0               5               859                       45       0            1          0.68         836              0              0
69                     121                  0.38                  0.43                 0.18                 50.27                 4                 3         5              1              0               5               178                       13       0            1          0.83         914              0              0
165                    120                  0.17                  0.45                 0.39                 36.47                 4                 3         5              1              0               5               488                        9       0            1          0.19         568              0              0
9                      120                  0.16                  0.33                 0.88                 73.56                 4                 4         2              0              0               4               163                       62       1            1          0.05         734              0              0
# 2026-09-15 11:41:34 UTC: Iteration 5 of 6
# experimentsUsed: 1086
# remainingBudget: 1414
# currentBudget: 707
# nbConfigurations: 52
# Markers:
     x No test is performed.
     c Configurations are discarded only due to capping.
     - The test is performed and some configurations are discarded.
     = The test is performed but no configuration is discarded.
     ! The test is performed and configurations could be discarded but elite configurations are preserved.
     . Alive configurations were already evaluated on this instance and nothing is discarded.
     : All alive configurations are elite, but some need to be evaluated on this instance.

+-+-----------+-----------+-----------+----------------+-----------+--------+-----+----+------+
| |   Instance|      Alive|       Best|       Mean best| Exp so far|  W time|  rho|KenW|  Qvar|
+-+-----------+-----------+-----------+----------------+-----------+--------+-----+----+------+
# 2026-09-15 16:02:18 UTC: Immediately rejected configurations: 210
|x|         15|         51|        187|-8.464990000e+11|         52|04:20:44|   NA|  NA|    NA|
|x|          5|         51|        187|-4.232579300e+11|         97|03:45:05|+0.02|0.51|0.8298|
|x|          6|         51|        187|-3.027422533e+11|        142|03:45:07|+0.30|0.53|0.6109|
|x|          4|         51|        187|-2.270809372e+11|        187|03:45:26|+0.27|0.45|0.5631|
|-|         13|         13|        187|-1.940896297e+11|        232|03:45:04|+0.12|0.29|0.7249|
|=|         10|         13|        187|-1.617441117e+11|        239|00:35:00|-0.04|0.14|0.8929|
|=|          8|         13|        187|-1.387646721e+16|        246|00:35:04|-0.01|0.13|0.8946|
|=|          7|         13|        187|-1.214201373e+16|        253|00:35:00|+0.03|0.15|0.8577|
|=|         12|         13|        187|-2.146953443e+16|        260|00:35:03|+0.05|0.15|0.8311|
|=|          3|         13|        187|-2.881958099e+16|        267|00:35:05|+0.07|0.16|0.7997|
|-|         11|          8|        187|-2.619961909e+16|        274|00:35:00|+0.14|0.22|0.7410|
|=|         14|          8|        187|-2.401631750e+16|        276|00:10:00|+0.08|0.16|0.8210|
|=|          9|          8|        187|-2.216890847e+16|        278|00:10:00|+0.07|0.14|0.8327|
|=|          2|          8|        187|-2.058547484e+16|        280|00:10:00|+0.07|0.13|0.8105|
|-|          1|          3|        187|-1.921311399e+16|        282|00:10:00|+0.00|0.07|0.6421|
+-+-----------+-----------+-----------+----------------+-----------+--------+-----+----+------+
Best-so-far configuration:         187    mean value: -1.921311399e+16
Description of the best-so-far configuration:
    .ID. population_size_factor min_elites_percentage max_elites_percentage mutation_probability mutation_distribution num_total_parents num_elite_parents bias_type diversity_type crossover_type num_populations exchange_interval num_exchange_individuals pr_type pr_dist_func pr_percentage pr_interval shake_interval reset_interval .PARENT.
187  187                    102                  0.25                  0.41                 0.08                 13.35                 2                 1         5              1              0               5               941                       65       0            0          0.57         622              0              0      186

# 2026-09-16 11:13:20 UTC: Elite configurations (first number is the configuration ID; listed from best to worst according to the sum of ranks):
    population_size_factor min_elites_percentage max_elites_percentage mutation_probability mutation_distribution num_total_parents num_elite_parents bias_type diversity_type crossover_type num_populations exchange_interval num_exchange_individuals pr_type pr_dist_func pr_percentage pr_interval shake_interval reset_interval
187                    102                  0.25                  0.41                 0.08                 13.35                 2                 1         5              1              0               5               941                       65       0            0          0.57         622              0              0
123                    114                  0.23                  0.39                 0.28                 18.26                 2                 2         5              0              1               5               468                       84       2            2          0.54         920              0              0
199                    125                  0.23                  0.44                 0.25                 48.17                 3                 2         5              0              0               5                78                       90       2            1          0.20         953              0              0
# 2026-09-16 11:13:20 UTC: Iteration 6 of 6
# experimentsUsed: 1368
# remainingBudget: 1132
# currentBudget: 1132
# nbConfigurations: 73
# Markers:
     x No test is performed.
     c Configurations are discarded only due to capping.
     - The test is performed and some configurations are discarded.
     = The test is performed but no configuration is discarded.
     ! The test is performed and configurations could be discarded but elite configurations are preserved.
     . Alive configurations were already evaluated on this instance and nothing is discarded.
     : All alive configurations are elite, but some need to be evaluated on this instance.

+-+-----------+-----------+-----------+----------------+-----------+--------+-----+----+------+
| |   Instance|      Alive|       Best|       Mean best| Exp so far|  W time|  rho|KenW|  Qvar|
+-+-----------+-----------+-----------+----------------+-----------+--------+-----+----+------+
|x|         16|         73|        261|-1.004940000e+17|         73|06:05:48|   NA|  NA|    NA|
|x|         15|         73|        280|-4.993678453e+16|        143|05:50:33|+0.32|0.66|0.3814|
|x|          3|         73|        284|-6.709861405e+16|        213|05:50:45|+0.48|0.65|0.2833|
|x|         13|         73|        284|-5.032397603e+16|        283|05:50:08|+0.39|0.54|0.4957|
|-|          1|         23|        280|-3.929547875e+16|        353|05:50:07|-0.08|0.14|0.9929|
|=|         11|         23|        280|-3.274623231e+16|        373|01:40:10|-0.03|0.14|0.9449|
|=|         14|         23|        280|-2.806819912e+16|        393|01:40:01|+0.00|0.15|0.9180|
|=|          8|         23|        280|-3.652452423e+16|        413|01:40:19|+0.02|0.14|0.9046|
|=|          7|         23|        280|-3.246633860e+16|        433|01:40:04|+0.04|0.14|0.8977|
|=|          5|         23|        280|-2.921970474e+16|        453|01:40:04|+0.05|0.15|0.8861|
|=|          6|         23|        280|-2.656337356e+16|        473|01:40:07|+0.03|0.12|0.9013|
|-|         10|         10|        280|-2.434975909e+16|        493|01:40:02|-0.01|0.07|0.8866|
|=|          9|         10|        280|-2.247670071e+16|        500|00:35:00|+0.01|0.09|0.8647|
|=|          2|         10|        280|-2.087128275e+16|        507|00:35:01|+0.01|0.08|0.8675|
|=|          4|         10|        280|-1.947986390e+16|        514|00:35:03|+0.02|0.08|0.8656|
|=|         12|         10|        280|-2.429040991e+16|        521|00:35:05|+0.01|0.07|0.8810|
|=|         17|         10|        280|-2.286156594e+16|        531|00:50:01|+0.01|0.07|0.8756|
+-+-----------+-----------+-----------+----------------+-----------+--------+-----+----+------+
Best-so-far configuration:         280    mean value: -2.286156594e+16
Description of the best-so-far configuration:
    .ID. population_size_factor min_elites_percentage max_elites_percentage mutation_probability mutation_distribution num_total_parents num_elite_parents bias_type diversity_type crossover_type num_populations exchange_interval num_exchange_individuals pr_type pr_dist_func pr_percentage pr_interval shake_interval reset_interval .PARENT.
280  280                    104                   0.2                  0.42                 0.03                  4.29                 2                 2         5              1              0               5               975                       70       0            0          0.26         626              0              0      187

# 2026-09-18 07:31:46 UTC: Elite configurations (first number is the configuration ID; listed from best to worst according to the sum of ranks):
    population_size_factor min_elites_percentage max_elites_percentage mutation_probability mutation_distribution num_total_parents num_elite_parents bias_type diversity_type crossover_type num_populations exchange_interval num_exchange_individuals pr_type pr_dist_func pr_percentage pr_interval shake_interval reset_interval
280                    104                  0.20                  0.42                 0.03                  4.29                 2                 2         5              1              0               5               975                       70       0            0          0.26         626              0              0
268                    115                  0.25                  0.31                 0.23                 20.35                 2                 1         5              1              0               5               987                       59       0            1          0.62         731              0              0
236                    122                  0.10                  0.42                 0.05                 12.42                 2                 1         5              1              0               4               708                       68       0            1          0.58         703              0              0
187                    102                  0.25                  0.41                 0.08                 13.35                 2                 1         5              1              0               5               941                       65       0            0          0.57         622              0              0
253                    123                  0.13                  0.45                 0.22                 57.45                 2                 2         5              1              0               5               183                       97       2            1          0.08         828              0              0
278                    115                  0.26                  0.48                 0.41                 18.72                 2                 2         5              0              1               5               496                       58       2            2          0.56         958              0              0
# 2026-09-18 07:31:46 UTC: Iteration 7 of 7
# experimentsUsed: 1899
# remainingBudget: 601
# currentBudget: 601
# nbConfigurations: 39
# Markers:
     x No test is performed.
     c Configurations are discarded only due to capping.
     - The test is performed and some configurations are discarded.
     = The test is performed but no configuration is discarded.
     ! The test is performed and configurations could be discarded but elite configurations are preserved.
     . Alive configurations were already evaluated on this instance and nothing is discarded.
     : All alive configurations are elite, but some need to be evaluated on this instance.

+-+-----------+-----------+-----------+----------------+-----------+--------+-----+----+------+
| |   Instance|      Alive|       Best|       Mean best| Exp so far|  W time|  rho|KenW|  Qvar|
+-+-----------+-----------+-----------+----------------+-----------+--------+-----+----+------+
|x|         18|         39|        236|    -96284000.00|         39|03:15:16|   NA|  NA|    NA|
|x|          3|         39|        236|-4.880025005e+16|         72|02:45:33|+0.17|0.59|0.6351|
|x|         11|         39|        236|-3.253350006e+16|        105|02:45:13|+0.37|0.58|0.5146|
|x|         14|         39|        330|-2.399265005e+16|        138|02:45:06|+0.33|0.50|0.6263|
|-|          7|         21|        280|-1.932091075e+16|        171|02:45:18|-0.03|0.17|1.0189|
|=|         10|         21|        280|-1.610075896e+16|        186|01:15:02|+0.02|0.18|0.9600|
|=|         15|         21|        280|-1.380077469e+16|        201|01:15:03|+0.03|0.17|0.9328|
|=|          4|         21|        280|-1.207567787e+16|        216|01:15:01|+0.05|0.17|0.9158|
|=|         12|         21|        280|-2.145044699e+16|        231|01:15:16|+0.05|0.15|0.9136|
|=|          8|         21|        236|-2.950804952e+16|        246|01:15:14|+0.03|0.13|0.9229|
|=|         13|         21|        280|-2.625208046e+16|        261|01:15:02|+0.02|0.11|0.9360|
|=|         17|         21|        280|-2.406441229e+16|        276|01:15:01|+0.01|0.09|0.9440|
|=|          5|         21|        280|-2.221330365e+16|        291|01:15:01|+0.01|0.09|0.9437|
|=|          2|         21|        280|-2.062669976e+16|        306|01:15:06|+0.01|0.08|0.9443|
|=|          9|         21|        280|-1.925158645e+16|        321|01:15:02|+0.02|0.08|0.9344|
|=|         16|         21|        280|-2.429040605e+16|        336|01:15:16|+0.03|0.09|0.9264|
|=|          1|         21|        280|-2.286156232e+16|        351|01:15:01|+0.02|0.08|0.9267|
|=|          6|         21|        280|-2.159147895e+16|        366|01:15:01|+0.03|0.08|0.9237|
|-|         19|          7|        280|-2.045508532e+16|        387|01:45:02|-0.03|0.03|0.8583|
|=|         20|          7|        280|-1.943237454e+16|        394|00:35:01|-0.01|0.04|0.8419|
|=|         21|          7|        280|-2.312824718e+16|        401|00:35:07|-0.01|0.04|0.8359|
+-+-----------+-----------+-----------+----------------+-----------+--------+-----+----+------+
Best-so-far configuration:         280    mean value: -2.312824718e+16
Description of the best-so-far configuration:
    .ID. population_size_factor min_elites_percentage max_elites_percentage mutation_probability mutation_distribution num_total_parents num_elite_parents bias_type diversity_type crossover_type num_populations exchange_interval num_exchange_individuals pr_type pr_dist_func pr_percentage pr_interval shake_interval reset_interval .PARENT.
280  280                    104                   0.2                  0.42                 0.03                  4.29                 2                 2         5              1              0               5               975                       70       0            0          0.26         626              0              0      187

# 2026-09-19 16:59:37 UTC: Elite configurations (first number is the configuration ID; listed from best to worst according to the sum of ranks):
    population_size_factor min_elites_percentage max_elites_percentage mutation_probability mutation_distribution num_total_parents num_elite_parents bias_type diversity_type crossover_type num_populations exchange_interval num_exchange_individuals pr_type pr_dist_func pr_percentage pr_interval shake_interval reset_interval
280                    104                  0.20                  0.42                 0.03                  4.29                 2                 2         5              1              0               5               975                       70       0            0          0.26         626              0              0
303                    125                  0.11                  0.20                 0.02                  9.18                 2                 1         5              1              0               4               907                       86       0            0          0.53         788              0              0
236                    122                  0.10                  0.42                 0.05                 12.42                 2                 1         5              1              0               4               708                       68       0            1          0.58         703              0              0
319                    109                  0.16                  0.34                 0.19                 17.19                 2                 1         5              1              0               5               957                       82       0            0          0.67         907              0              0
268                    115                  0.25                  0.31                 0.23                 20.35                 2                 1         5              1              0               5               987                       59       0            1          0.62         731              0              0
187                    102                  0.25                  0.41                 0.08                 13.35                 2                 1         5              1              0               5               941                       65       0            0          0.57         622              0              0
# 2026-09-19 16:59:37 UTC: Iteration 8 of 8
# experimentsUsed: 2300
# remainingBudget: 200
# currentBudget: 200
# nbConfigurations: 14
# Markers:
     x No test is performed.
     c Configurations are discarded only due to capping.
     - The test is performed and some configurations are discarded.
     = The test is performed but no configuration is discarded.
     ! The test is performed and configurations could be discarded but elite configurations are preserved.
     . Alive configurations were already evaluated on this instance and nothing is discarded.
     : All alive configurations are elite, but some need to be evaluated on this instance.

+-+-----------+-----------+-----------+----------------+-----------+--------+-----+----+------+
| |   Instance|      Alive|       Best|       Mean best| Exp so far|  W time|  rho|KenW|  Qvar|
+-+-----------+-----------+-----------+----------------+-----------+--------+-----+----+------+
|x|         22|         14|        187|-6.234600000e+10|         14|01:10:02|   NA|  NA|    NA|
|x|          2|         14|        341|-4.555077000e+11|         22|00:40:01|+0.54|0.77|0.1850|
|x|          1|         14|        341|-3.243174333e+11|         30|00:40:00|+0.58|0.72|0.2367|
|x|          9|         14|        187|-2.405447012e+11|         38|00:40:00|+0.53|0.65|0.2215|
|-|         14|         10|        280|-1.946491055e+11|         46|00:40:00|+0.02|0.22|0.8602|
|=|          6|         10|        303|-1.711061829e+11|         50|00:20:00|-0.04|0.14|0.9263|
|=|          3|         10|        303|-1.380097523e+16|         54|00:20:03|-0.07|0.08|0.9429|
|=|         18|         10|        303|-1.207585334e+16|         58|00:20:00|-0.04|0.09|0.9178|
|=|          5|         10|        303|-1.073409186e+16|         62|00:20:00|-0.03|0.08|0.9130|
|=|         16|         10|        303|-1.921787267e+16|         66|00:20:02|-0.02|0.08|0.9016|
|=|         12|         10|        303|-2.623285698e+16|         70|00:20:02|-0.01|0.08|0.8824|
|=|         10|         10|        303|-2.404678556e+16|         74|00:20:00|-0.00|0.08|0.8938|
|=|          7|         10|        280|-2.253283759e+16|         78|00:20:00|+0.02|0.10|0.8740|
|=|         11|         10|        280|-2.092334919e+16|         82|00:20:00|+0.03|0.10|0.8541|
|=|         19|         10|        280|-1.952845925e+16|         86|00:20:00|+0.03|0.10|0.8548|
|=|          8|         10|        303|-2.415352236e+16|         90|00:20:04|+0.04|0.10|0.8579|
|=|         17|         10|        280|-2.286151478e+16|         94|00:20:00|+0.04|0.10|0.8545|
|=|         13|         10|        280|-2.159143407e+16|         98|00:20:00|+0.02|0.07|0.8771|
|=|         20|         10|        280|-2.045508858e+16|        102|00:20:00|+0.01|0.06|0.8705|
|=|          4|         10|        280|-1.943233416e+16|        106|00:20:03|+0.02|0.07|0.8611|
|=|         15|         10|        280|-1.850702629e+16|        110|00:20:00|+0.04|0.08|0.8456|
|-|         21|          6|        280|-2.207696601e+16|        114|00:20:01|-0.01|0.03|0.8369|
+-+-----------+-----------+-----------+----------------+-----------+--------+-----+----+------+
Best-so-far configuration:         280    mean value: -2.207696601e+16
Description of the best-so-far configuration:
    .ID. population_size_factor min_elites_percentage max_elites_percentage mutation_probability mutation_distribution num_total_parents num_elite_parents bias_type diversity_type crossover_type num_populations exchange_interval num_exchange_individuals pr_type pr_dist_func pr_percentage pr_interval shake_interval reset_interval .PARENT.
280  280                    104                   0.2                  0.42                 0.03                  4.29                 2                 2         5              1              0               5               975                       70       0            0          0.26         626              0              0      187

# 2026-09-20 02:30:04 UTC: Elite configurations (first number is the configuration ID; listed from best to worst according to the sum of ranks):
    population_size_factor min_elites_percentage max_elites_percentage mutation_probability mutation_distribution num_total_parents num_elite_parents bias_type diversity_type crossover_type num_populations exchange_interval num_exchange_individuals pr_type pr_dist_func pr_percentage pr_interval shake_interval reset_interval
280                    104                  0.20                  0.42                 0.03                  4.29                 2                 2         5              1              0               5               975                       70       0            0          0.26         626              0              0
303                    125                  0.11                  0.20                 0.02                  9.18                 2                 1         5              1              0               4               907                       86       0            0          0.53         788              0              0
236                    122                  0.10                  0.42                 0.05                 12.42                 2                 1         5              1              0               4               708                       68       0            1          0.58         703              0              0
319                    109                  0.16                  0.34                 0.19                 17.19                 2                 1         5              1              0               5               957                       82       0            0          0.67         907              0              0
268                    115                  0.25                  0.31                 0.23                 20.35                 2                 1         5              1              0               5               987                       59       0            1          0.62         731              0              0
187                    102                  0.25                  0.41                 0.08                 13.35                 2                 1         5              1              0               5               941                       65       0            0          0.57         622              0              0
# 2026-09-20 02:30:04 UTC: Iteration 9 of 9
# experimentsUsed: 2414
# remainingBudget: 86
# currentBudget: 86
# nbConfigurations: 9
# Markers:
     x No test is performed.
     c Configurations are discarded only due to capping.
     - The test is performed and some configurations are discarded.
     = The test is performed but no configuration is discarded.
     ! The test is performed and configurations could be discarded but elite configurations are preserved.
     . Alive configurations were already evaluated on this instance and nothing is discarded.
     : All alive configurations are elite, but some need to be evaluated on this instance.

+-+-----------+-----------+-----------+----------------+-----------+--------+-----+----+------+
| |   Instance|      Alive|       Best|       Mean best| Exp so far|  W time|  rho|KenW|  Qvar|
+-+-----------+-----------+-----------+----------------+-----------+--------+-----+----+------+
|x|         23|          9|        268|    -96714700.00|          9|00:45:02|   NA|  NA|    NA|
|x|         19|          9|        319|    -56614500.00|         12|00:15:00|-0.07|0.47|0.7244|
|x|          5|          9|        319|    -43358533.33|         15|00:15:00|-0.03|0.31|0.8047|
|x|         14|          9|        319|    -36743250.00|         18|00:15:00|+0.11|0.33|0.7393|
|=|          9|          9|        303|    -48543520.00|         21|00:15:00|+0.00|0.20|0.8435|
|=|         11|          9|        319|    -56265033.33|         24|00:15:00|+0.07|0.23|0.8049|
|=|          8|          9|        303|-1.398487148e+16|         27|00:15:05|+0.06|0.19|0.7843|
|=|         10|          9|        303|-1.223676254e+16|         30|00:15:00|+0.11|0.22|0.7501|
|=|         13|          9|        303|-1.087712903e+16|         33|00:15:00|+0.06|0.17|0.7912|
|=|          3|          9|        303|-1.944999613e+16|         36|00:15:02|+0.07|0.16|0.7699|
|=|         20|          9|        319|-1.745937186e+16|         39|00:15:00|+0.01|0.10|0.7956|
|=|         18|          9|        345|-1.613801614e+16|         42|00:15:00|+0.02|0.10|0.8107|
|=|          6|          9|        303|-1.496160364e+16|         45|00:15:00|-0.01|0.07|0.8420|
|=|          1|          9|        303|-1.389292209e+16|         48|00:15:00|+0.00|0.08|0.8334|
|=|         21|          9|        303|-1.952775395e+16|         51|00:15:10|+0.02|0.08|0.8154|
|=|         15|          9|        303|-1.830732162e+16|         54|00:15:11|+0.03|0.09|0.8100|
|=|         12|          9|        303|-2.289999094e+16|         57|00:15:02|+0.03|0.09|0.7992|
|=|         16|          9|        280|-2.698285698e+16|         60|00:15:04|+0.05|0.10|0.7789|
|=|         17|          9|        280|-2.556270990e+16|         63|00:15:00|+0.03|0.08|0.7999|
|=|         22|          9|        280|-2.428457747e+16|         66|00:15:00|+0.02|0.07|0.8174|
|=|          7|          9|        280|-2.312820966e+16|         69|00:15:01|+0.02|0.07|0.8172|
|=|          4|          9|        280|-2.207692741e+16|         72|00:15:00|+0.02|0.06|0.8185|
|=|          2|          9|        280|-2.111709793e+16|         75|00:15:00|+0.01|0.06|0.8284|
|=|         24|          9|        303|-2.020306422e+16|         84|00:45:00|+0.01|0.05|0.8430|
+-+-----------+-----------+-----------+----------------+-----------+--------+-----+----+------+
Best-so-far configuration:         303    mean value: -2.020306422e+16
Description of the best-so-far configuration:
    .ID. population_size_factor min_elites_percentage max_elites_percentage mutation_probability mutation_distribution num_total_parents num_elite_parents bias_type diversity_type crossover_type num_populations exchange_interval num_exchange_individuals pr_type pr_dist_func pr_percentage pr_interval shake_interval reset_interval .PARENT.
303  303                    125                  0.11                   0.2                 0.02                  9.18                 2                 1         5              1              0               4               907                       86       0            0          0.53         788              0              0      236

# 2026-09-20 09:30:52 UTC: Elite configurations (first number is the configuration ID; listed from best to worst according to the sum of ranks):
    population_size_factor min_elites_percentage max_elites_percentage mutation_probability mutation_distribution num_total_parents num_elite_parents bias_type diversity_type crossover_type num_populations exchange_interval num_exchange_individuals pr_type pr_dist_func pr_percentage pr_interval shake_interval reset_interval
303                    125                  0.11                  0.20                 0.02                  9.18                 2                 1         5              1              0               4               907                       86       0            0          0.53         788              0              0
280                    104                  0.20                  0.42                 0.03                  4.29                 2                 2         5              1              0               5               975                       70       0            0          0.26         626              0              0
236                    122                  0.10                  0.42                 0.05                 12.42                 2                 1         5              1              0               4               708                       68       0            1          0.58         703              0              0
345                    110                  0.28                  0.39                 0.07                 21.66                 2                 2         5              1              0               5               825                       75       0            0          0.28         485              0              0
319                    109                  0.16                  0.34                 0.19                 17.19                 2                 1         5              1              0               5               957                       82       0            0          0.67         907              0              0
268                    115                  0.25                  0.31                 0.23                 20.35                 2                 1         5              1              0               5               987                       59       0            1          0.62         731              0              0
# 2026-09-20 09:30:52 UTC: Stopped because there is not enough budget left to race more than the minimum (6).
# You may either increase the budget or set 'minNbSurvival' to a lower value.
# Iteration: 10
# nbIterations: 10
# experimentsUsed: 2498
# timeUsed: 0
# remainingBudget: 2
# currentBudget: 2
# number of elites: 6
# nbConfigurations: 6
# Total CPU user time: 749903.6, CPU sys time: 1129.932, Wall-clock time: 751043.8
# 2026-09-20 09:30:52 UTC: Starting post-selection:
# Configurations selected: 303, 280.
# Pending instances: 0, 0.
# 2026-09-20 09:30:52 UTC: seed: 133695276
# Configurations: 2
# Available experiments: 2
# minSurvival: 1
# Markers:
     x No test is performed.
     c Configurations are discarded only due to capping.
     - The test is performed and some configurations are discarded.
     = The test is performed but no configuration is discarded.
     ! The test is performed and configurations could be discarded but elite configurations are preserved.
     . Alive configurations were already evaluated on this instance and nothing is discarded.
     : All alive configurations are elite, but some need to be evaluated on this instance.

+-+-----------+-----------+-----------+----------------+-----------+--------+-----+----+------+
| |   Instance|      Alive|       Best|       Mean best| Exp so far|  W time|  rho|KenW|  Qvar|
+-+-----------+-----------+-----------+----------------+-----------+--------+-----+----+------+
|.|         24|          2|        303|    -16836000.00|          0|00:00:00|   NA|  NA|    NA|
|.|          7|          2|        303|-4.154324180e+11|          0|00:00:00|-1.00|0.00|1.0000|
|.|         19|          2|        303|-2.769605427e+11|          0|00:00:00|-0.33|0.11|0.6667|
|.|          6|          2|        303|-2.231875070e+11|          0|00:00:00|+0.00|0.25|0.5000|
|.|          4|          2|        303|-1.785693355e+11|          0|00:00:00|+0.20|0.36|0.4000|
|.|         10|          2|        303|-1.488105699e+11|          0|00:00:00|+0.33|0.44|0.3333|
|.|          3|          2|        303|-1.380095612e+16|          0|00:00:00|+0.43|0.51|0.2857|
|.|         18|          2|        303|-1.207583662e+16|          0|00:00:00|+0.14|0.25|0.4286|
|.|         17|          2|        303|-1.073408384e+16|          0|00:00:00|+0.00|0.11|0.5000|
|.|         20|          2|        303|-9.660757868e+15|          0|00:00:00|-0.07|0.04|0.5333|
|.|         21|          2|        303|-1.772936170e+16|          0|00:00:00|-0.02|0.07|0.5091|
|.|         13|          2|        303|-1.625191996e+16|          0|00:00:00|-0.06|0.03|0.5303|
|.|         23|          2|        303|-1.500177228e+16|          0|00:00:00|-0.08|0.01|0.5385|
|.|          2|          2|        303|-1.393027721e+16|          0|00:00:00|-0.08|0.00|0.5385|
|.|         22|          2|        303|-1.300159616e+16|          0|00:00:00|-0.07|0.00|0.5333|
|.|          9|          2|        303|-1.218899641e+16|          0|00:00:00|-0.05|0.02|0.5250|
|.|         12|          2|        303|-1.714156721e+16|          0|00:00:00|-0.06|0.00|0.5294|
|.|          8|          2|        303|-2.162781903e+16|          0|00:00:00|-0.05|0.01|0.5229|
|.|         11|          2|        303|-2.048951277e+16|          0|00:00:00|-0.05|0.00|0.5263|
|.|         14|          2|        303|-1.946503713e+16|          0|00:00:00|-0.04|0.01|0.5211|
|.|         15|          2|        303|-1.853817044e+16|          0|00:00:00|-0.05|0.00|0.5238|
|.|          1|          2|        303|-1.769552915e+16|          0|00:00:00|-0.05|0.00|0.5238|
|.|         16|          2|        303|-2.108145831e+16|          0|00:00:00|-0.04|0.00|0.5217|
|.|          5|          2|        303|-2.020306422e+16|          0|00:00:00|-0.04|0.00|0.5217|
|=|         25|          2|        280|-1.942776452e+16|          2|00:10:00|-0.04|0.00|0.5200|
+-+-----------+-----------+-----------+----------------+-----------+--------+-----+----+------+
Best-so-far configuration:         280    mean value: -1.942776452e+16
Description of the best-so-far configuration:
    .ID. population_size_factor min_elites_percentage max_elites_percentage mutation_probability mutation_distribution num_total_parents num_elite_parents bias_type diversity_type crossover_type num_populations exchange_interval num_exchange_individuals pr_type pr_dist_func pr_percentage pr_interval shake_interval reset_interval .PARENT.
280  280                    104                   0.2                  0.42                 0.03                  4.29                 2                 2         5              1              0               5               975                       70       0            0          0.26         626              0              0      187

# 2026-09-20 09:40:52 UTC: Elite configurations (first number is the configuration ID; listed from best to worst according to the sum of ranks):
    population_size_factor min_elites_percentage max_elites_percentage mutation_probability mutation_distribution num_total_parents num_elite_parents bias_type diversity_type crossover_type num_populations exchange_interval num_exchange_individuals pr_type pr_dist_func pr_percentage pr_interval shake_interval reset_interval
280                    104                  0.20                  0.42                 0.03                  4.29                 2                 2         5              1              0               5               975                       70       0            0          0.26         626              0              0
303                    125                  0.11                  0.20                 0.02                  9.18                 2                 1         5              1              0               4               907                       86       0            0          0.53         788              0              0
# Total CPU user time: 750502.2, CPU sys time: 1131.884, Wall-clock time: 751644.4
# Best configurations (first number is the configuration ID; listed from best to worst according to the sum of ranks):
    population_size_factor min_elites_percentage max_elites_percentage mutation_probability mutation_distribution num_total_parents num_elite_parents bias_type diversity_type crossover_type num_populations exchange_interval num_exchange_individuals pr_type pr_dist_func pr_percentage pr_interval shake_interval reset_interval
280                    104                  0.20                  0.42                 0.03                  4.29                 2                 2         5              1              0               5               975                       70       0            0          0.26         626              0              0
303                    125                  0.11                  0.20                 0.02                  9.18                 2                 1         5              1              0               4               907                       86       0            0          0.53         788              0              0
# Best configurations as commandlines (first number is the configuration ID; listed from best to worst according to the sum of ranks):
280 --population-size-factor 104 --min-elites-percentage 0.2 --max-elites-percentage 0.42 --mutation-probability 0.03 --mutation-distribution 4.29 --num-total-parents 2 --num-elite-parents 2 --bias-type 5 --diversity-type 1 --crossover-type 0 --num-populations 5 --exchange-interval 975 --num-exchange-individuals 70 --pr-type 0 --pr-dist-func 0 --pr-percentage 0.26 --pr-interval 626 --shake-interval 0 --reset-interval 0
303 --population-size-factor 125 --min-elites-percentage 0.11 --max-elites-percentage 0.2 --mutation-probability 0.02 --mutation-distribution 9.18 --num-total-parents 2 --num-elite-parents 1 --bias-type 5 --diversity-type 1 --crossover-type 0 --num-populations 4 --exchange-interval 907 --num-exchange-individuals 86 --pr-type 0 --pr-dist-func 0 --pr-percentage 0.53 --pr-interval 788 --shake-interval 0 --reset-interval 0


# Testing of elite configurations: 1 
# Testing iteration configurations: FALSE 
# 2026-09-20 09:40:52 UTC: No test instances, skip testing
