#------------------------------------------------------------------------------
# irace: An implementation in R of (Elitist) Iterated Racing
# Version: 4.4.4.3a0a78c
# Copyright (C) 2010-2025
# Manuel Lopez-Ibanez     <manuel.lopez-ibanez@manchester.ac.uk>
# Jeremie Dubois-Lacoste
# Leslie Perez Caceres    <leslie.perez.caceres@ulb.ac.be>
#
# This is free software, and you are welcome to redistribute it under certain
# conditions.  See the GNU General Public License for details. There is NO
# WARRANTY; not even for MERCHANTABILITY or FITNESS FOR A PARTICULAR PURPOSE.
#
# irace builds upon previous code from the race package:
#     race: Racing methods for the selection of the best
#     Copyright (C) 2003 Mauro Birattari
#------------------------------------------------------------------------------
# installed at: /usr/local/lib/R/site-library/irace
# called with: --scenario nspso-scenario.txt
# 2026-09-11 16:53:27 UTC: Reading parameter file '/home/ubuntu/mokp_irace/irace/nspso-parameters.txt'.
# 2026-09-11 16:53:27 UTC: Initialization
# Elitist race
# Elitist new instances: 1
# Elitist limit: 2
# nbIterations: 5
# minNbSurvival: 5
# nbParameters: 8
# seed: 1529756329
# confidence level: 0.95
# budget: 2500
# mu: 5
# deterministic: FALSE

# 2026-09-11 16:53:27 UTC: Iteration 1 of 5
# experimentsUsed: 0
# remainingBudget: 2500
# currentBudget: 500
# nbConfigurations: 83
# Markers:
     x No test is performed.
     c Configurations are discarded only due to capping.
     - The test is performed and some configurations are discarded.
     = The test is performed but no configuration is discarded.
     ! The test is performed and configurations could be discarded but elite configurations are preserved.
     . Alive configurations were already evaluated on this instance and nothing is discarded.
     : All alive configurations are elite, but some need to be evaluated on this instance.

+-+-----------+-----------+-----------+----------------+-----------+--------+-----+----+------+
| |   Instance|      Alive|       Best|       Mean best| Exp so far|  W time|  rho|KenW|  Qvar|
+-+-----------+-----------+-----------+----------------+-----------+--------+-----+----+------+
|x|          1|         83|         13|-8.355510000e+11|         83|06:55:07|   NA|  NA|    NA|
|x|          2|         83|         27|-4.101034358e+11|        166|06:55:05|+0.78|0.89|0.1747|
|x|          3|         83|         13|-3.294567852e+16|        249|06:55:53|+0.77|0.85|0.1837|
|x|          4|         83|         13|-2.470925892e+16|        332|06:55:06|+0.82|0.87|0.1347|
|-|          5|         12|         13|-1.976741972e+16|        415|06:55:06|+0.41|0.53|0.6123|
|-|          6|          3|         13|-1.647284979e+16|        427|01:00:00|-0.10|0.08|0.7636|
+-+-----------+-----------+-----------+----------------+-----------+--------+-----+----+------+
Best-so-far configuration:          13    mean value: -1.647284979e+16
Description of the best-so-far configuration:
   .ID. population_size_factor omega   c1   c2  chi v_coeff leader_selection_range diversity_mechanism .PARENT.
13   13                    116  0.07 1.92 2.83 1.15    0.27                     42   crowding distance       NA

# 2026-09-13 04:29:48 UTC: Elite configurations (first number is the configuration ID; listed from best to worst according to the sum of ranks):
   population_size_factor omega   c1   c2  chi v_coeff leader_selection_range diversity_mechanism
13                    116  0.07 1.92 2.83 1.15    0.27                     42   crowding distance
7                      34  0.01 3.17 2.08 0.78    0.82                     36   crowding distance
27                     87  0.04 2.55 3.95 1.04    0.61                     51   crowding distance
# 2026-09-13 04:29:48 UTC: Iteration 2 of 5
# experimentsUsed: 427
# remainingBudget: 2073
# currentBudget: 518
# nbConfigurations: 76
# Markers:
     x No test is performed.
     c Configurations are discarded only due to capping.
     - The test is performed and some configurations are discarded.
     = The test is performed but no configuration is discarded.
     ! The test is performed and configurations could be discarded but elite configurations are preserved.
     . Alive configurations were already evaluated on this instance and nothing is discarded.
     : All alive configurations are elite, but some need to be evaluated on this instance.

+-+-----------+-----------+-----------+----------------+-----------+--------+-----+----+------+
| |   Instance|      Alive|       Best|       Mean best| Exp so far|  W time|  rho|KenW|  Qvar|
+-+-----------+-----------+-----------+----------------+-----------+--------+-----+----+------+
|x|          7|         76|        133|-8.410980000e+11|         76|06:20:07|   NA|  NA|    NA|
|x|          5|         76|        133|-4.521429500e+11|        149|06:05:06|+0.82|0.91|0.1849|
|x|          4|         76|        133|-3.014601696e+11|        222|06:05:05|+0.81|0.87|0.1720|
|x|          6|         76|        133|-2.261187502e+11|        295|06:05:05|+0.84|0.88|0.1387|
|-|          3|         10|        133|-2.032798090e+16|        368|06:05:40|+0.20|0.36|0.7230|
|-|          1|          4|        133|-1.694012377e+16|        375|00:35:01|+0.29|0.41|0.5370|
+-+-----------+-----------+-----------+----------------+-----------+--------+-----+----+------+
Best configuration for the instances in this race: 133
Best-so-far configuration:          13    mean value: -1.411970464e+16
Description of the best-so-far configuration:
   .ID. population_size_factor omega   c1   c2  chi v_coeff leader_selection_range diversity_mechanism .PARENT.
13   13                    116  0.07 1.92 2.83 1.15    0.27                     42   crowding distance       NA

# 2026-09-14 11:45:55 UTC: Elite configurations (first number is the configuration ID; listed from best to worst according to the sum of ranks):
    population_size_factor omega   c1   c2  chi v_coeff leader_selection_range diversity_mechanism
13                     116  0.07 1.92 2.83 1.15    0.27                     42   crowding distance
27                      87  0.04 2.55 3.95 1.04    0.61                     51   crowding distance
7                       34  0.01 3.17 2.08 0.78    0.82                     36   crowding distance
133                    123  0.12 2.98 3.67 0.93    0.31                     33   crowding distance
# 2026-09-14 11:45:55 UTC: Iteration 3 of 5
# experimentsUsed: 802
# remainingBudget: 1698
# currentBudget: 566
# nbConfigurations: 74
# Markers:
     x No test is performed.
     c Configurations are discarded only due to capping.
     - The test is performed and some configurations are discarded.
     = The test is performed but no configuration is discarded.
     ! The test is performed and configurations could be discarded but elite configurations are preserved.
     . Alive configurations were already evaluated on this instance and nothing is discarded.
     : All alive configurations are elite, but some need to be evaluated on this instance.

+-+-----------+-----------+-----------+----------------+-----------+--------+-----+----+------+
| |   Instance|      Alive|       Best|       Mean best| Exp so far|  W time|  rho|KenW|  Qvar|
+-+-----------+-----------+-----------+----------------+-----------+--------+-----+----+------+
|x|          8|         74|        161|    -16894900.00|         74|06:10:05|   NA|  NA|    NA|
|x|          1|         74|        197|-4.333619458e+11|        144|05:50:07|+0.69|0.84|0.4208|
|x|          2|         74|        197|-2.889135955e+11|        215|05:55:05|+0.77|0.85|0.3090|
|x|          7|         74|        197|-4.344314466e+11|        285|05:50:08|+0.77|0.83|0.3116|
|-|          4|         14|        197|-3.475644464e+11|        355|05:50:05|+0.56|0.65|0.4911|
|-|          3|          6|        197|-1.720278964e+16|        365|00:50:07|+0.91|0.93|0.2484|
|!|          6|          6|        197|-1.474524827e+16|        367|00:10:00|+0.81|0.84|0.3100|
|-|          5|          2|        197|-1.290210019e+16|        369|00:10:00|+0.14|0.25|0.4286|
+-+-----------+-----------+-----------+----------------+-----------+--------+-----+----+------+
Best-so-far configuration:         197    mean value: -1.290210019e+16
Description of the best-so-far configuration:
    .ID. population_size_factor omega   c1   c2  chi v_coeff leader_selection_range diversity_mechanism .PARENT.
197  197                     92  0.01 2.51 2.99 1.16    0.69                     34   crowding distance       27

# 2026-09-15 18:31:35 UTC: Elite configurations (first number is the configuration ID; listed from best to worst according to the sum of ranks):
    population_size_factor omega   c1   c2  chi v_coeff leader_selection_range diversity_mechanism
197                     92  0.01 2.51 2.99 1.16    0.69                     34   crowding distance
161                    101  0.13 2.12 1.60 0.95    0.41                     25   crowding distance
# 2026-09-15 18:31:35 UTC: Iteration 4 of 5
# experimentsUsed: 1171
# remainingBudget: 1329
# currentBudget: 664
# nbConfigurations: 75
# Markers:
     x No test is performed.
     c Configurations are discarded only due to capping.
     - The test is performed and some configurations are discarded.
     = The test is performed but no configuration is discarded.
     ! The test is performed and configurations could be discarded but elite configurations are preserved.
     . Alive configurations were already evaluated on this instance and nothing is discarded.
     : All alive configurations are elite, but some need to be evaluated on this instance.

+-+-----------+-----------+-----------+----------------+-----------+--------+-----+----+------+
| |   Instance|      Alive|       Best|       Mean best| Exp so far|  W time|  rho|KenW|  Qvar|
+-+-----------+-----------+-----------+----------------+-----------+--------+-----+----+------+
|x|          9|         75|        291|-6.377340000e+10|         75|06:15:06|   NA|  NA|    NA|
|x|          3|         75|        291|-5.213203189e+16|        148|06:05:34|+0.74|0.87|0.5038|
|x|          5|         75|        291|-3.475470915e+16|        221|06:05:06|+0.82|0.88|0.3413|
|x|          6|         75|        291|-2.606603189e+16|        294|06:05:06|+0.82|0.87|0.4023|
|-|          4|         14|        291|-2.085282553e+16|        367|06:05:05|+0.08|0.26|0.8578|
|=|          8|         14|        295|-1.771518786e+16|        379|01:00:01|+0.11|0.26|0.8238|
|=|          7|         14|        295|-1.518457106e+16|        391|01:00:01|+0.11|0.24|0.8311|
|-|          2|          6|        295|-1.328649968e+16|        403|01:00:00|-0.01|0.12|0.8013|
|=|          1|          6|        295|-1.181031840e+16|        407|00:20:00|+0.00|0.11|0.7877|
|=|         10|          6|        295|-2.108618656e+16|        413|00:30:04|+0.03|0.13|0.7809|
+-+-----------+-----------+-----------+----------------+-----------+--------+-----+----+------+
Best-so-far configuration:         295    mean value: -2.108618656e+16
Description of the best-so-far configuration:
    .ID. population_size_factor omega   c1   c2  chi v_coeff leader_selection_range diversity_mechanism .PARENT.
295  295                    110  0.08 1.82 1.43 1.05    0.43                     10   crowding distance      161

# 2026-09-17 04:57:43 UTC: Elite configurations (first number is the configuration ID; listed from best to worst according to the sum of ranks):
    population_size_factor omega   c1   c2  chi v_coeff leader_selection_range diversity_mechanism
295                    110  0.08 1.82 1.43 1.05    0.43                     10   crowding distance
197                     92  0.01 2.51 2.99 1.16    0.69                     34   crowding distance
252                     84  0.01 2.43 3.39 1.08    0.83                     29   crowding distance
277                    114  0.01 2.75 3.45 1.19    0.86                     24   crowding distance
291                    124  0.09 2.36 1.67 1.00    0.51                     34   crowding distance
# 2026-09-17 04:57:43 UTC: Iteration 5 of 5
# experimentsUsed: 1584
# remainingBudget: 916
# currentBudget: 916
# nbConfigurations: 87
# Markers:
     x No test is performed.
     c Configurations are discarded only due to capping.
     - The test is performed and some configurations are discarded.
     = The test is performed but no configuration is discarded.
     ! The test is performed and configurations could be discarded but elite configurations are preserved.
     . Alive configurations were already evaluated on this instance and nothing is discarded.
     : All alive configurations are elite, but some need to be evaluated on this instance.

+-+-----------+-----------+-----------+----------------+-----------+--------+-----+----+------+
| |   Instance|      Alive|       Best|       Mean best| Exp so far|  W time|  rho|KenW|  Qvar|
+-+-----------+-----------+-----------+----------------+-----------+--------+-----+----+------+
|x|         11|         87|        350|-8.894760000e+11|         87|07:15:10|   NA|  NA|    NA|
|x|         10|         87|        342|-5.269293771e+16|        169|06:50:48|+0.77|0.88|0.1532|
|x|          3|         87|        342|-6.989162514e+16|        251|06:50:49|+0.82|0.88|0.1264|
|x|          8|         87|        364|-5.254046759e+16|        333|06:50:06|+0.70|0.77|0.3130|
|-|          7|         25|        364|-4.203254767e+16|        415|06:50:10|-0.06|0.15|1.0045|
|=|          9|         25|        364|-3.502713365e+16|        435|01:40:02|-0.06|0.12|0.9985|
|=|          6|         25|        335|-3.003197401e+16|        455|01:40:01|-0.02|0.13|0.9806|
|=|          4|         25|        335|-2.627797727e+16|        475|01:40:01|+0.04|0.16|0.9307|
|-|          1|         14|        335|-2.335829977e+16|        495|01:40:02|-0.03|0.09|0.9259|
|=|          5|         14|        335|-2.102247616e+16|        504|00:45:00|-0.03|0.08|0.9271|
|=|          2|         14|        335|-1.911134197e+16|        513|00:45:00|+0.01|0.10|0.8956|
|=|         12|         14|        335|-2.621356347e+16|        527|01:10:10|+0.02|0.10|0.8921|
+-+-----------+-----------+-----------+----------------+-----------+--------+-----+----+------+
Best-so-far configuration:         335    mean value: -2.621356347e+16
Description of the best-so-far configuration:
    .ID. population_size_factor omega   c1   c2  chi v_coeff leader_selection_range diversity_mechanism .PARENT.
335  335                    124  0.07 1.51 1.38 1.02    0.48                     13   crowding distance      295

# 2026-09-19 00:55:10 UTC: Elite configurations (first number is the configuration ID; listed from best to worst according to the sum of ranks):
    population_size_factor omega   c1   c2  chi v_coeff leader_selection_range diversity_mechanism
335                    124  0.07 1.51 1.38 1.02    0.48                     13   crowding distance
295                    110  0.08 1.82 1.43 1.05    0.43                     10   crowding distance
318                    110  0.07 1.83 1.65 0.93    0.40                     16   crowding distance
364                    115  0.11 1.87 1.71 0.94    0.41                     11   crowding distance
380                    124  0.03 2.40 1.98 1.05    0.61                     29   crowding distance
# 2026-09-19 00:55:10 UTC: Iteration 6 of 6
# experimentsUsed: 2111
# remainingBudget: 389
# currentBudget: 389
# nbConfigurations: 34
# Markers:
     x No test is performed.
     c Configurations are discarded only due to capping.
     - The test is performed and some configurations are discarded.
     = The test is performed but no configuration is discarded.
     ! The test is performed and configurations could be discarded but elite configurations are preserved.
     . Alive configurations were already evaluated on this instance and nothing is discarded.
     : All alive configurations are elite, but some need to be evaluated on this instance.

+-+-----------+-----------+-----------+----------------+-----------+--------+-----+----+------+
| |   Instance|      Alive|       Best|       Mean best| Exp so far|  W time|  rho|KenW|  Qvar|
+-+-----------+-----------+-----------+----------------+-----------+--------+-----+----+------+
|x|         13|         34|        388|    -16920700.00|         34|02:50:02|   NA|  NA|    NA|
|x|          3|         34|        380|-5.346150001e+16|         63|02:25:20|+0.11|0.56|0.4062|
|x|          6|         34|        335|-3.559900004e+16|         92|02:25:02|+0.12|0.42|0.2679|
|x|          9|         34|        380|-2.673076601e+16|        121|02:25:03|+0.26|0.45|0.3565|
|-|          7|         24|        335|-2.135958876e+16|        150|02:25:04|-0.06|0.15|1.0041|
|=|         10|         24|        410|-3.513849066e+16|        169|01:35:17|-0.00|0.17|0.9276|
|=|          8|         24|        400|-3.014627752e+16|        188|01:35:01|+0.03|0.17|0.9008|
|=|          4|         24|        410|-2.635386801e+16|        207|01:35:01|+0.04|0.16|0.8840|
|=|         12|         24|        410|-3.511377156e+16|        226|01:35:16|+0.05|0.16|0.8532|
|=|          1|         24|        408|-3.149708064e+16|        245|01:35:02|+0.05|0.15|0.8433|
|=|         11|         24|        410|-2.872960849e+16|        264|01:35:02|+0.05|0.14|0.8431|
|-|          5|         17|        335|-2.621356347e+16|        283|01:35:02|-0.02|0.06|0.9519|
|=|          2|         17|        410|-2.430967361e+16|        295|01:00:00|-0.02|0.06|0.9385|
|=|         14|         17|        410|-2.257326836e+16|        312|01:25:01|-0.03|0.05|0.9499|
+-+-----------+-----------+-----------+----------------+-----------+--------+-----+----+------+
Best-so-far configuration:         410    mean value: -2.257326836e+16
Description of the best-so-far configuration:
    .ID. population_size_factor omega   c1  c2 chi v_coeff leader_selection_range diversity_mechanism .PARENT.
410  410                    113  0.06 1.82 1.6   1    0.44                     13   crowding distance      318

# 2026-09-20 02:56:30 UTC: Elite configurations (first number is the configuration ID; listed from best to worst according to the sum of ranks):
    population_size_factor omega   c1   c2  chi v_coeff leader_selection_range diversity_mechanism
410                    113  0.06 1.82 1.60 1.00    0.44                     13   crowding distance
335                    124  0.07 1.51 1.38 1.02    0.48                     13   crowding distance
409                    108  0.06 1.56 1.59 1.02    0.45                     13   crowding distance
401                    109  0.09 1.90 1.37 1.08    0.46                     14   crowding distance
400                    125  0.09 1.60 1.40 1.10    0.50                     12   crowding distance
# 2026-09-20 02:56:30 UTC: Iteration 7 of 7
# experimentsUsed: 2423
# remainingBudget: 77
# currentBudget: 77
# nbConfigurations: 9
# Markers:
     x No test is performed.
     c Configurations are discarded only due to capping.
     - The test is performed and some configurations are discarded.
     = The test is performed but no configuration is discarded.
     ! The test is performed and configurations could be discarded but elite configurations are preserved.
     . Alive configurations were already evaluated on this instance and nothing is discarded.
     : All alive configurations are elite, but some need to be evaluated on this instance.

+-+-----------+-----------+-----------+----------------+-----------+--------+-----+----+------+
| |   Instance|      Alive|       Best|       Mean best| Exp so far|  W time|  rho|KenW|  Qvar|
+-+-----------+-----------+-----------+----------------+-----------+--------+-----+----+------+
|x|         15|          9|        400|-6.368420000e+10|          9|00:45:01|   NA|  NA|    NA|
|x|          4|          9|        410|-3.186458680e+10|         13|00:20:00|+0.73|0.87|0.1900|
|x|          7|          9|        410|-3.145933912e+11|         17|00:20:00|+0.74|0.83|0.1046|
|x|          1|          9|        335|-4.558814288e+11|         21|00:20:00|+0.49|0.62|0.1343|
|-|          3|          6|        335|-2.135976471e+16|         25|00:20:01|-0.01|0.19|0.8138|
|=|         11|          6|        410|-1.738078218e+16|         26|00:05:00|-0.07|0.11|0.8524|
|=|          5|          6|        335|-1.525710879e+16|         27|00:05:00|-0.08|0.07|0.8224|
|=|          9|          6|        410|-1.303560256e+16|         28|00:05:00|-0.02|0.11|0.7832|
|=|          8|          6|        400|-1.172598013e+16|         29|00:05:00|+0.00|0.11|0.7916|
|=|         12|          6|        410|-2.094778205e+16|         30|00:05:00|-0.02|0.08|0.8166|
|=|          2|          6|        410|-1.904343823e+16|         31|00:05:00|-0.01|0.09|0.7920|
|=|         14|          6|        410|-1.745648505e+16|         32|00:05:00|-0.00|0.08|0.8008|
|=|         13|          6|        410|-1.611367851e+16|         33|00:05:00|-0.04|0.04|0.8484|
|=|          6|          6|        410|-1.496270148e+16|         34|00:05:00|-0.01|0.06|0.8244|
|=|         10|          6|        410|-2.106838805e+16|         35|00:05:00|-0.02|0.05|0.8299|
|=|         16|          6|        410|-1.975161380e+16|         41|00:30:00|+0.01|0.07|0.8084|
+-+-----------+-----------+-----------+----------------+-----------+--------+-----+----+------+
Best-so-far configuration:         410    mean value: -1.975161380e+16
Description of the best-so-far configuration:
    .ID. population_size_factor omega   c1  c2 chi v_coeff leader_selection_range diversity_mechanism .PARENT.
410  410                    113  0.06 1.82 1.6   1    0.44                     13   crowding distance      318

# 2026-09-20 06:21:38 UTC: Elite configurations (first number is the configuration ID; listed from best to worst according to the sum of ranks):
    population_size_factor omega   c1   c2  chi v_coeff leader_selection_range diversity_mechanism
410                    113  0.06 1.82 1.60 1.00    0.44                     13   crowding distance
335                    124  0.07 1.51 1.38 1.02    0.48                     13   crowding distance
400                    125  0.09 1.60 1.40 1.10    0.50                     12   crowding distance
409                    108  0.06 1.56 1.59 1.02    0.45                     13   crowding distance
401                    109  0.09 1.90 1.37 1.08    0.46                     14   crowding distance
# 2026-09-20 06:21:38 UTC: Iteration 8 of 8
# experimentsUsed: 2464
# remainingBudget: 36
# currentBudget: 36
# nbConfigurations: 6
# Markers:
     x No test is performed.
     c Configurations are discarded only due to capping.
     - The test is performed and some configurations are discarded.
     = The test is performed but no configuration is discarded.
     ! The test is performed and configurations could be discarded but elite configurations are preserved.
     . Alive configurations were already evaluated on this instance and nothing is discarded.
     : All alive configurations are elite, but some need to be evaluated on this instance.

+-+-----------+-----------+-----------+----------------+-----------+--------+-----+----+------+
| |   Instance|      Alive|       Best|       Mean best| Exp so far|  W time|  rho|KenW|  Qvar|
+-+-----------+-----------+-----------+----------------+-----------+--------+-----+----+------+
|x|         17|          6|        409|-6.367620000e+10|          6|00:30:00|   NA|  NA|    NA|
|x|          5|          6|        401|-6.375405000e+10|          7|00:05:00|+0.77|0.89|0.0022|
|x|         15|          6|        400|-6.369313333e+10|          8|00:05:00|+0.47|0.64|0.0036|
|x|          2|          6|        400|-4.777407370e+10|          9|00:05:00|+0.32|0.49|0.0033|
|-|          1|          5|        400|-2.153074590e+11|         10|00:05:00|-0.08|0.14|0.9094|
|.|         10|          5|        400|-1.758217942e+16|         10|00:00:00|-0.03|0.14|0.8350|
|.|          6|          5|        400|-1.507043952e+16|         10|00:00:00|-0.10|0.06|0.8790|
|.|         11|          5|        400|-1.318674279e+16|         10|00:00:00|-0.09|0.05|0.8627|
|.|          9|          5|        400|-1.172155622e+16|         10|00:00:00|-0.04|0.07|0.8228|
|.|          7|          5|        400|-1.054948848e+16|         10|00:00:00|-0.04|0.06|0.8085|
|.|         14|          5|        400|-9.590444082e+15|         10|00:00:00|-0.03|0.06|0.8069|
|.|          8|          5|        400|-8.791240410e+15|         10|00:00:00|-0.05|0.03|0.8245|
|.|          4|          5|        400|-8.114991155e+15|         10|00:00:00|-0.03|0.05|0.8120|
|.|         13|          5|        400|-7.535348931e+15|         10|00:00:00|-0.05|0.03|0.8344|
|.|         16|          5|        400|-7.032992342e+15|         10|00:00:00|-0.03|0.04|0.8186|
|.|          3|          5|        400|-1.318911782e+16|         10|00:00:00|-0.05|0.02|0.8352|
|.|         12|          5|        400|-1.854046383e+16|         10|00:00:00|-0.05|0.02|0.8279|
+-+-----------+-----------+-----------+----------------+-----------+--------+-----+----+------+
Best configuration for the instances in this race: 400
Best-so-far configuration:         410    mean value: -1.858975791e+16
Description of the best-so-far configuration:
    .ID. population_size_factor omega   c1  c2 chi v_coeff leader_selection_range diversity_mechanism .PARENT.
410  410                    113  0.06 1.82 1.6   1    0.44                     13   crowding distance      318

# 2026-09-20 07:11:39 UTC: Elite configurations (first number is the configuration ID; listed from best to worst according to the sum of ranks):
    population_size_factor omega   c1   c2  chi v_coeff leader_selection_range diversity_mechanism
410                    113  0.06 1.82 1.60 1.00    0.44                     13   crowding distance
400                    125  0.09 1.60 1.40 1.10    0.50                     12   crowding distance
335                    124  0.07 1.51 1.38 1.02    0.48                     13   crowding distance
401                    109  0.09 1.90 1.37 1.08    0.46                     14   crowding distance
409                    108  0.06 1.56 1.59 1.02    0.45                     13   crowding distance
# 2026-09-20 07:11:39 UTC: Iteration 9 of 9
# experimentsUsed: 2474
# remainingBudget: 26
# currentBudget: 26
# nbConfigurations: 6
# Markers:
     x No test is performed.
     c Configurations are discarded only due to capping.
     - The test is performed and some configurations are discarded.
     = The test is performed but no configuration is discarded.
     ! The test is performed and configurations could be discarded but elite configurations are preserved.
     . Alive configurations were already evaluated on this instance and nothing is discarded.
     : All alive configurations are elite, but some need to be evaluated on this instance.

+-+-----------+-----------+-----------+----------------+-----------+--------+-----+----+------+
| |   Instance|      Alive|       Best|       Mean best| Exp so far|  W time|  rho|KenW|  Qvar|
+-+-----------+-----------+-----------+----------------+-----------+--------+-----+----+------+
|x|         18|          6|        409|-1.062710000e+17|          6|00:30:04|   NA|  NA|    NA|
|x|          6|          6|        409|-5.313550005e+16|          7|00:05:00|-0.54|0.23|1.2637|
|x|         17|          6|        409|-3.542368792e+16|          8|00:05:00|-0.03|0.31|0.8740|
|x|         11|          6|        409|-2.656798752e+16|          9|00:05:00|+0.11|0.34|0.7718|
|=|         15|          6|        409|-2.125440272e+16|         10|00:05:00|+0.02|0.21|0.8133|
|=|         16|          6|        409|-1.771200228e+16|         11|00:05:00|+0.06|0.21|0.7900|
|=|          3|          6|        409|-3.015114481e+16|         12|00:05:00|-0.08|0.08|0.9109|
|=|          8|          6|        409|-2.638225171e+16|         13|00:05:00|-0.08|0.05|0.9038|
|=|         12|          6|        409|-3.476333486e+16|         14|00:05:00|-0.09|0.03|0.9002|
|=|          9|          6|        410|-3.135250873e+16|         15|00:05:00|-0.06|0.05|0.8729|
|=|          5|          6|        409|-2.844274011e+16|         16|00:05:00|-0.06|0.04|0.8759|
|=|          2|          6|        410|-2.612709591e+16|         17|00:05:00|-0.07|0.02|0.8701|
|=|         13|          6|        410|-2.411731931e+16|         18|00:05:00|-0.06|0.02|0.8666|
|=|          7|          6|        410|-2.239471650e+16|         19|00:05:00|-0.06|0.02|0.8667|
|=|          4|          6|        410|-2.090173541e+16|         20|00:05:00|-0.04|0.03|0.8531|
|=|         14|          6|        410|-1.959537695e+16|         21|00:05:00|-0.02|0.05|0.8418|
|=|          1|          6|        410|-1.844275791e+16|         22|00:05:00|-0.02|0.04|0.8435|
|=|         10|          6|        410|-2.333749358e+16|         23|00:05:00|-0.02|0.04|0.8357|
+-+-----------+-----------+-----------+----------------+-----------+--------+-----+----+------+
Best-so-far configuration:         410    mean value: -2.333749358e+16
Description of the best-so-far configuration:
    .ID. population_size_factor omega   c1  c2 chi v_coeff leader_selection_range diversity_mechanism .PARENT.
410  410                    113  0.06 1.82 1.6   1    0.44                     13   crowding distance      318

# 2026-09-20 09:06:48 UTC: Elite configurations (first number is the configuration ID; listed from best to worst according to the sum of ranks):
    population_size_factor omega   c1   c2  chi v_coeff leader_selection_range diversity_mechanism
410                    113  0.06 1.82 1.60 1.00    0.44                     13   crowding distance
400                    125  0.09 1.60 1.40 1.10    0.50                     12   crowding distance
409                    108  0.06 1.56 1.59 1.02    0.45                     13   crowding distance
401                    109  0.09 1.90 1.37 1.08    0.46                     14   crowding distance
335                    124  0.07 1.51 1.38 1.02    0.48                     13   crowding distance
# 2026-09-20 09:06:48 UTC: Stopped because there is not enough budget left to race more than the minimum (5).
# You may either increase the budget or set 'minNbSurvival' to a lower value.
# Iteration: 10
# nbIterations: 10
# experimentsUsed: 2497
# timeUsed: 0
# remainingBudget: 3
# currentBudget: 3
# number of elites: 5
# nbConfigurations: 5
# Total CPU user time: 744367.1, CPU sys time: 5222.228, Wall-clock time: 749600.7
# 2026-09-20 09:06:48 UTC: Starting post-selection:
# Configurations selected: 410, 400, 409.
# Pending instances: 0, 0, 0.
# 2026-09-20 09:06:48 UTC: seed: 1529756329
# Configurations: 3
# Available experiments: 3
# minSurvival: 1
# Markers:
     x No test is performed.
     c Configurations are discarded only due to capping.
     - The test is performed and some configurations are discarded.
     = The test is performed but no configuration is discarded.
     ! The test is performed and configurations could be discarded but elite configurations are preserved.
     . Alive configurations were already evaluated on this instance and nothing is discarded.
     : All alive configurations are elite, but some need to be evaluated on this instance.

+-+-----------+-----------+-----------+----------------+-----------+--------+-----+----+------+
| |   Instance|      Alive|       Best|       Mean best| Exp so far|  W time|  rho|KenW|  Qvar|
+-+-----------+-----------+-----------+----------------+-----------+--------+-----+----+------+
|.|          8|          3|        400|    -16920700.00|          0|00:00:00|   NA|  NA|    NA|
|.|          5|          3|        400|-3.187966035e+10|          0|00:00:00|+1.00|1.00|0.1163|
|.|         16|          3|        400|-2.128525497e+10|          0|00:00:00|-0.33|0.11|0.9078|
|.|          3|          3|        400|-2.638276596e+16|          0|00:00:00|+0.00|0.25|0.6908|
|.|         15|          3|        400|-2.110622551e+16|          0|00:00:00|+0.10|0.28|0.6492|
|.|          6|          3|        400|-1.758852127e+16|          0|00:00:00|-0.10|0.08|0.7484|
|.|         18|          3|        400|-3.021587538e+16|          0|00:00:00|-0.07|0.08|0.7136|
|.|          7|          3|        400|-2.643900081e+16|          0|00:00:00|-0.09|0.05|0.6994|
|.|         14|          3|        400|-2.350133406e+16|          0|00:00:00|-0.11|0.01|0.7337|
|.|          4|          3|        400|-2.115120067e+16|          0|00:00:00|-0.11|0.00|0.7398|
|.|          9|          3|        400|-1.922837003e+16|          0|00:00:00|-0.09|0.01|0.7288|
|.|          2|          3|        400|-1.762600586e+16|          0|00:00:00|-0.07|0.02|0.7098|
|.|         10|          3|        400|-2.438492849e+16|          0|00:00:00|-0.04|0.04|0.6901|
|.|         17|          3|        400|-2.264315243e+16|          0|00:00:00|-0.06|0.02|0.7021|
|.|         13|          3|        400|-2.113360894e+16|          0|00:00:00|-0.07|0.00|0.7106|
|.|         12|          3|        400|-2.632288338e+16|          0|00:00:00|-0.05|0.02|0.7009|
|.|         11|          3|        400|-2.477452939e+16|          0|00:00:00|-0.04|0.02|0.6923|
|.|          1|          3|        400|-2.339821584e+16|          0|00:00:00|-0.05|0.01|0.6984|
|=|         19|          3|        410|-2.210925055e+16|          3|00:15:00|-0.04|0.02|0.6927|
+-+-----------+-----------+-----------+----------------+-----------+--------+-----+----+------+
Best-so-far configuration:         410    mean value: -2.210925055e+16
Description of the best-so-far configuration:
    .ID. population_size_factor omega   c1  c2 chi v_coeff leader_selection_range diversity_mechanism .PARENT.
410  410                    113  0.06 1.82 1.6   1    0.44                     13   crowding distance      318

# 2026-09-20 09:21:49 UTC: Elite configurations (first number is the configuration ID; listed from best to worst according to the sum of ranks):
    population_size_factor omega   c1   c2  chi v_coeff leader_selection_range diversity_mechanism
410                    113  0.06 1.82 1.60 1.00    0.44                     13   crowding distance
400                    125  0.09 1.60 1.40 1.10    0.50                     12   crowding distance
409                    108  0.06 1.56 1.59 1.02    0.45                     13   crowding distance
# Total CPU user time: 745267.3, CPU sys time: 5222.447, Wall-clock time: 750501.1
# Best configurations (first number is the configuration ID; listed from best to worst according to the sum of ranks):
    population_size_factor omega   c1   c2  chi v_coeff leader_selection_range diversity_mechanism
410                    113  0.06 1.82 1.60 1.00    0.44                     13   crowding distance
400                    125  0.09 1.60 1.40 1.10    0.50                     12   crowding distance
409                    108  0.06 1.56 1.59 1.02    0.45                     13   crowding distance
# Best configurations as commandlines (first number is the configuration ID; listed from best to worst according to the sum of ranks):
410 --population-size-factor 113 --omega 0.06 --c1 1.82 --c2 1.6 --chi 1 --v-coeff 0.44 --leader-selection-range 13 --diversity-mechanism crowding distance
400 --population-size-factor 125 --omega 0.09 --c1 1.6 --c2 1.4 --chi 1.1 --v-coeff 0.5 --leader-selection-range 12 --diversity-mechanism crowding distance
409 --population-size-factor 108 --omega 0.06 --c1 1.56 --c2 1.59 --chi 1.02 --v-coeff 0.45 --leader-selection-range 13 --diversity-mechanism crowding distance


# Testing of elite configurations: 1 
# Testing iteration configurations: FALSE 
# 2026-09-20 09:21:49 UTC: No test instances, skip testing
